// Jest Snapshot v1, https://goo.gl/fbAQLP

exports[`FooterComponent matching snapshot 1`] = `
<app-footer>
  <footer
    fxlayout="column"
    fxlayoutalign="center center"
    fxlayoutgap="16px"
  >
    <a
      class="mat-caption"
      href="https://github.com/ng-japan/who-use-angular-in-japan"
    >
      ng-japan/who-use-angular-in-japan
    </a>
    <div
      class="mat-caption"
    >
      Â© Angular Japan User Group 2018
    </div>
  </footer>
</app-footer>
`;
